$ apprafter app list
[exit 1]
[stdout]
[stderr]
Error: apprafter::target::no_active

  × no active target — run `apprafter target add <name> --provider hetzner-
  │ cloud …` first, or supply `--target <name>` to point at a specific one
  help: List what is configured with `apprafter target list`; pick one with
        `apprafter target use <name>`, or create the first with `apprafter
        target add <name>`.

