$ apprafter kubeconfig --target ghost
[exit 1]
[stdout]
[stderr]
Error: apprafter::cli::other

  × target `ghost` not found (available: prod). Pass `--target <name>` with a
  │ configured name, or `apprafter target use <name>` to switch the active
  │ pointer.
  help: This is the catch-all CLI error. The message above is the only
        context. If you see this often with the same wording, please file an
        issue — recurring messages should be promoted to a typed `CliError`
        variant with its own help text.

