$ apprafter kubeconfig --target ghost
[exit 1]
[stdout]
[stderr]
<ESC>[2m<TS><ESC>[0m <ESC>[32m INFO<ESC>[0m kubeconfig invoked <ESC>[3mrefresh<ESC>[0m<ESC>[2m=<ESC>[0mfalse <ESC>[3mtarget_override<ESC>[0m<ESC>[2m=<ESC>[0m"ghost"
Error: apprafter::cli::other

  × target `ghost` not found (available: prod). Pass `--target <name>` with a
  │ configured name, or `apprafter target use <name>` to switch the active
  │ pointer.
  help: This is the catch-all CLI error. The message above is the only
        context. If you see this often with the same wording, please file an
        issue — recurring messages should be promoted to a typed `CliError`
        variant with its own help text.

