$ apprafter kubeconfig
[exit 1]
[stdout]
[stderr]
<ESC>[2m<TS><ESC>[0m <ESC>[32m INFO<ESC>[0m kubeconfig invoked <ESC>[3mrefresh<ESC>[0m<ESC>[2m=<ESC>[0mfalse
Error: apprafter::cli::other

  × no active target — run `apprafter target add <name> --provider hetzner-
  │ cloud …` first, or supply `--target <name>` to point at a specific one
  help: This is the catch-all CLI error. The message above is the only
        context. If you see this often with the same wording, please file an
        issue — recurring messages should be promoted to a typed `CliError`
        variant with its own help text.

