$ apprafter doctor --target ghost --no-ping
[exit 1]
[stdout]
Checking target `ghost`...
  ✗ Target `ghost` exists
      hint: available targets: prod. Run `apprafter target add ghost` to create.

Checking environment...
  ✓ `restic` on PATH (restic stand-in)
  ✓ `kubectl` on PATH (kubectl stand-in)
  ✓ `helm` on PATH (helm stand-in)
  ✓ `git` on PATH (git stand-in)
  ✓ `ssh` on PATH (ssh stand-in)
  ✓ `cue` on PATH (cue stand-in)
  ✓ DNS resolves `127.0.0.1` (443/tcp)

8 checks for target `ghost`: 7 passed, 0 warning(s), 1 FAIL — fix the FAILs and rerun `apprafter doctor`.
[stderr]
<ESC>[2m<TS><ESC>[0m <ESC>[32m INFO<ESC>[0m doctor invoked <ESC>[3mtarget_override<ESC>[0m<ESC>[2m=<ESC>[0m"ghost" <ESC>[3mno_ping<ESC>[0m<ESC>[2m=<ESC>[0mtrue
